2023-11-15T16:47:47+05:30 - LoginId: 107 -valid -GetCateringItemDetails
2023-11-15T16:47:47+05:30 - LoginId: 107 -valid -GetCateringVesselDetails
2023-11-15T16:47:47+05:30 - LoginId: 107 -valid -GetBulkOrderBookingDetail
2023-11-15T16:47:47+05:30 - LoginId: 107 -valid -GetBulkOrderBookingPayments
2023-11-15T16:47:47+05:30 - LoginId: 107 -valid -GetBulkOrderBookingCustomerDetail
2023-11-15T16:47:47+05:30 - LoginId: 107 -valid -GetBulkOrderBookingVessels
2023-11-15T16:49:28+05:30 - LoginId: 107 -valid -GetCateringItemDetails
2023-11-15T16:49:28+05:30 - LoginId: 107 -valid -GetCateringVesselDetails
2023-11-15T16:49:28+05:30 - LoginId: 107 -valid -GetBulkOrderBookingDetail
2023-11-15T16:49:28+05:30 - LoginId: 107 -valid -GetBulkOrderBookingVessels
2023-11-15T16:49:28+05:30 - LoginId: 107 -valid -GetBulkOrderBookingPayments
2023-11-15T16:49:28+05:30 - LoginId: 107 -valid -GetBulkOrderBookingCustomerDetail
2023-11-15T16:49:43+05:30 - LoginId: 107 -valid -GetCateringItemDetails
2023-11-15T16:49:43+05:30 - LoginId: 107 -valid -GetCateringVesselDetails
2023-11-15T16:49:43+05:30 - LoginId: 107 -valid -GetBulkOrderBookingDetail
2023-11-15T16:49:43+05:30 - LoginId: 107 -valid -GetBulkOrderBookingVessels
2023-11-15T16:49:43+05:30 - LoginId: 107 -valid -GetBulkOrderBookingPayments
2023-11-15T16:49:43+05:30 - LoginId: 107 -valid -GetBulkOrderBookingCustomerDetail
2023-11-15T16:50:08+05:30 - LoginId: 107 -valid -GetCateringItemDetails
2023-11-15T16:50:08+05:30 - LoginId: 107 -valid -GetCateringVesselDetails
2023-11-15T18:00:31+05:30 - LoginId: 107 -valid -GetCateringItemDetails
2023-11-15T18:00:31+05:30 - LoginId: 107 -valid -GetCateringVesselDetails
2023-11-15T18:00:31+05:30 - LoginId: 107 -valid -GetBulkOrderBookingDetail
2023-11-15T18:00:31+05:30 - LoginId: 107 -valid -GetBulkOrderBookingPayments
2023-11-15T18:00:31+05:30 - LoginId: 107 -valid -GetBulkOrderBookingCustomerDetail
2023-11-15T18:00:31+05:30 - LoginId: 107 -valid -GetBulkOrderBookingVessels
2023-11-15T18:11:37+05:30 - LoginId: 107 -valid -GetCateringItemDetails
2023-11-15T18:11:37+05:30 - LoginId: 107 -valid -GetCateringVesselDetails
2023-11-15T18:12:01+05:30 - LoginId: 107 -valid -GetCateringItemDetails
2023-11-15T18:12:01+05:30 - LoginId: 107 -valid -GetCateringVesselDetails
2023-11-15T18:12:01+05:30 - LoginId: 107 -valid -GetBulkOrderBookingDetail
2023-11-15T18:12:01+05:30 - LoginId: 107 -valid -GetBulkOrderBookingVessels
2023-11-15T18:12:01+05:30 - LoginId: 107 -valid -GetBulkOrderBookingPayments
2023-11-15T18:12:01+05:30 - LoginId: 107 -valid -GetBulkOrderBookingCustomerDetail
2023-11-15T18:13:46+05:30 - LoginId: 107 -valid -GetCateringItemDetails
2023-11-15T18:13:46+05:30 - LoginId: 107 -valid -GetBulkOrderBookingPayments
2023-11-15T18:13:46+05:30 - LoginId: 107 -valid -GetBulkOrderBookingCustomerDetail
2023-11-15T18:13:46+05:30 - LoginId: 107 -valid -GetCateringVesselDetails
2023-11-15T18:13:46+05:30 - LoginId: 107 -valid -GetBulkOrderBookingDetail
2023-11-15T18:13:46+05:30 - LoginId: 107 -valid -GetBulkOrderBookingVessels
2023-11-15T18:13:59+05:30 - LoginId: 107 -valid -GetCateringItemDetails
2023-11-15T18:13:59+05:30 - LoginId: 107 -valid -GetCateringVesselDetails
2023-11-15T18:13:59+05:30 - LoginId: 107 -valid -GetBulkOrderBookingDetail
2023-11-15T18:13:59+05:30 - LoginId: 107 -valid -GetBulkOrderBookingVessels
2023-11-15T18:13:59+05:30 - LoginId: 107 -valid -GetBulkOrderBookingPayments
2023-11-15T18:13:59+05:30 - LoginId: 107 -valid -GetBulkOrderBookingCustomerDetail
2023-11-15T18:15:15+05:30 - LoginId: 107 -valid -GetCateringItemDetails
2023-11-15T18:15:15+05:30 - LoginId: 107 -valid -GetCateringVesselDetails
2023-11-15T18:15:15+05:30 - LoginId: 107 -valid -GetBulkOrderBookingDetail
2023-11-15T18:15:15+05:30 - LoginId: 107 -valid -GetBulkOrderBookingVessels
2023-11-15T18:15:15+05:30 - LoginId: 107 -valid -GetBulkOrderBookingCustomerDetail
2023-11-15T18:15:15+05:30 - LoginId: 107 -valid -GetBulkOrderBookingPayments
2023-11-15T18:17:55+05:30 - LoginId: 107 -valid -GetCateringVesselDetails
2023-11-15T18:17:55+05:30 - LoginId: 107 -valid -GetCateringItemDetails
2023-11-15T18:18:17+05:30 - LoginId: 107 -valid -GetCateringItemDetails
2023-11-15T18:18:17+05:30 - LoginId: 107 -valid -GetCateringVesselDetails
2023-11-15T18:18:17+05:30 - LoginId: 107 -valid -GetBulkOrderBookingDetail
2023-11-15T18:18:17+05:30 - LoginId: 107 -valid -GetBulkOrderBookingVessels
2023-11-15T18:18:17+05:30 - LoginId: 107 -valid -GetBulkOrderBookingPayments
2023-11-15T18:18:17+05:30 - LoginId: 107 -valid -GetBulkOrderBookingCustomerDetail
2023-11-15T18:22:35+05:30 - LoginId: 107 -valid -GetCateringItemDetails
2023-11-15T18:22:35+05:30 - LoginId: 107 -valid -GetCateringVesselDetails
2023-11-15T18:22:35+05:30 - LoginId: 107 -valid -GetBulkOrderBookingDetail
2023-11-15T18:22:35+05:30 - LoginId: 107 -valid -GetBulkOrderBookingVessels
2023-11-15T18:22:35+05:30 - LoginId: 107 -valid -GetBulkOrderBookingPayments
2023-11-15T18:22:35+05:30 - LoginId: 107 -valid -GetBulkOrderBookingCustomerDetail
2023-11-15T18:23:45+05:30 - LoginId: 107 -valid -GetCateringItemDetails
2023-11-15T18:23:45+05:30 - LoginId: 107 -valid -GetCateringVesselDetails
2023-11-16T11:07:41+05:30 - LoginId: 107 -Invalid UserName or Password -GetAllBillCountersandItemsForPOS
2023-11-16T11:09:32+05:30 - LoginId: 142 -Error: SQLITE_ERROR: table tblDayInfo has no column named IsDayStart -addDayInfo
2023-11-16T11:09:32+05:30 - LoginId: 142 -Error: SQLITE_ERROR: table tblDayInfo has no column named IsDayStart -addDayInfo
2023-11-16T11:10:06+05:30 - LoginId: 142 -Error: SQLITE_ERROR: table tblDayInfo has no column named IsDayStart -addDayInfo
2023-11-16T11:10:06+05:30 - LoginId: 142 -Error: SQLITE_ERROR: table tblDayInfo has no column named IsDayStart -addDayInfo
2023-11-16T11:24:46+05:30 - LoginId: 142 -Error: SQLITE_ERROR: table tblDayInfo has no column named IsDayStart -addDayInfo
2023-11-16T11:25:12+05:30 - LoginId: 142 -Error: SQLITE_ERROR: table tblDayInfo has no column named IsDayStart -addDayInfo
2023-11-16T11:26:21+05:30 - LoginId: 142 -Error: SQLITE_ERROR: table tblDayInfo has no column named IsDayStart -addDayInfo
2023-11-16T11:31:31+05:30 - LoginId: 142 -Error: SQLITE_ERROR: table tblDayInfo has no column named IsDayStart -addDayInfo
2023-11-16T11:39:12+05:30 - LoginId: 142 - -AddIsDayStart
2023-11-16T15:08:34+05:30 - LoginId: 142 -valid -GetCateringVesselDetails
2023-11-16T15:08:34+05:30 - LoginId: 142 -valid -GetCateringItemDetails
2023-11-16T15:09:26+05:30 - LoginId: 142 -valid -GetCateringVesselDetails
2023-11-16T15:09:26+05:30 - LoginId: 142 -valid -GetBulkOrderBookingDetail
2023-11-16T15:09:26+05:30 - LoginId: 142 -valid -GetBulkOrderBookingVessels
2023-11-16T15:09:26+05:30 - LoginId: 142 -valid -GetBulkOrderBookingPayments
2023-11-16T15:09:27+05:30 - LoginId: 142 -valid -GetBulkOrderBookingCustomerDetail
2023-11-16T15:09:27+05:30 - LoginId: 142 -valid -GetCateringItemDetails
2023-11-16T15:09:56+05:30 - LoginId: 142 -valid -GetCateringVesselDetails
2023-11-16T15:09:56+05:30 - LoginId: 142 -valid -GetBulkOrderBookingDetail
2023-11-16T15:09:56+05:30 - LoginId: 142 -valid -GetBulkOrderBookingVessels
2023-11-16T15:09:56+05:30 - LoginId: 142 -valid -GetBulkOrderBookingPayments
2023-11-16T15:09:56+05:30 - LoginId: 142 -valid -GetBulkOrderBookingCustomerDetail
2023-11-16T15:09:56+05:30 - LoginId: 142 -valid -GetCateringItemDetails
2023-11-16T15:10:14+05:30 - LoginId: 142 -valid -GetBulkOrderBookingPayments
2023-11-16T15:10:14+05:30 - LoginId: 142 -valid -GetBulkOrderBookingCustomerDetail
2023-11-16T15:10:14+05:30 - LoginId: 142 -valid -GetCateringVesselDetails
2023-11-16T15:10:14+05:30 - LoginId: 142 -valid -GetBulkOrderBookingDetail
2023-11-16T15:10:14+05:30 - LoginId: 142 -valid -GetBulkOrderBookingVessels
2023-11-16T15:10:14+05:30 - LoginId: 142 -valid -GetCateringItemDetails
2023-11-16T15:10:33+05:30 - LoginId: 142 -valid -GetCateringVesselDetails
2023-11-16T15:10:33+05:30 - LoginId: 142 -valid -GetBulkOrderBookingDetail
2023-11-16T15:10:33+05:30 - LoginId: 142 -valid -GetBulkOrderBookingVessels
2023-11-16T15:10:33+05:30 - LoginId: 142 -valid -GetBulkOrderBookingPayments
2023-11-16T15:10:33+05:30 - LoginId: 142 -valid -GetBulkOrderBookingCustomerDetail
2023-11-16T15:10:33+05:30 - LoginId: 142 -valid -GetCateringItemDetails
2023-11-16T15:10:47+05:30 - LoginId: 142 -valid -GetCateringVesselDetails
2023-11-16T15:10:47+05:30 - LoginId: 142 -valid -GetBulkOrderBookingDetail
2023-11-16T15:10:47+05:30 - LoginId: 142 -valid -GetBulkOrderBookingVessels
2023-11-16T15:10:47+05:30 - LoginId: 142 -valid -GetBulkOrderBookingPayments
2023-11-16T15:10:47+05:30 - LoginId: 142 -valid -GetBulkOrderBookingCustomerDetail
2023-11-16T15:10:47+05:30 - LoginId: 142 -valid -GetCateringItemDetails
2023-11-16T15:11:02+05:30 - LoginId: 142 -valid -GetCateringVesselDetails
2023-11-16T15:11:02+05:30 - LoginId: 142 -valid -GetBulkOrderBookingDetail
2023-11-16T15:11:02+05:30 - LoginId: 142 -valid -GetBulkOrderBookingVessels
2023-11-16T15:11:02+05:30 - LoginId: 142 -valid -GetBulkOrderBookingPayments
2023-11-16T15:11:02+05:30 - LoginId: 142 -valid -GetCateringItemDetails
2023-11-16T15:11:02+05:30 - LoginId: 142 -valid -GetBulkOrderBookingCustomerDetail
2023-11-16T15:11:14+05:30 - LoginId: 142 -valid -GetCateringVesselDetails
2023-11-16T15:11:14+05:30 - LoginId: 142 -valid -GetBulkOrderBookingDetail
2023-11-16T15:11:14+05:30 - LoginId: 142 -valid -GetBulkOrderBookingVessels
2023-11-16T15:11:14+05:30 - LoginId: 142 -valid -GetBulkOrderBookingPayments
2023-11-16T15:11:14+05:30 - LoginId: 142 -valid -GetBulkOrderBookingCustomerDetail
2023-11-16T15:11:14+05:30 - LoginId: 142 -valid -GetCateringItemDetails
2023-11-16T15:11:26+05:30 - LoginId: 142 -valid -GetCateringVesselDetails
2023-11-16T15:11:26+05:30 - LoginId: 142 -valid -GetBulkOrderBookingDetail
2023-11-16T15:11:26+05:30 - LoginId: 142 -valid -GetBulkOrderBookingVessels
2023-11-16T15:11:26+05:30 - LoginId: 142 -valid -GetBulkOrderBookingPayments
2023-11-16T15:11:26+05:30 - LoginId: 142 -valid -GetCateringItemDetails
2023-11-16T15:11:26+05:30 - LoginId: 142 -valid -GetBulkOrderBookingCustomerDetail
2023-11-16T15:11:37+05:30 - LoginId: 142 -valid -GetCateringVesselDetails
2023-11-16T15:11:37+05:30 - LoginId: 142 -valid -GetBulkOrderBookingDetail
2023-11-16T15:11:37+05:30 - LoginId: 142 -valid -GetBulkOrderBookingVessels
2023-11-16T15:11:37+05:30 - LoginId: 142 -valid -GetBulkOrderBookingPayments
2023-11-16T15:11:37+05:30 - LoginId: 142 -valid -GetBulkOrderBookingCustomerDetail
2023-11-16T15:11:37+05:30 - LoginId: 142 -valid -GetCateringItemDetails
2023-11-16T15:12:01+05:30 - LoginId: 142 -valid -GetCateringVesselDetails
2023-11-16T15:12:01+05:30 - LoginId: 142 -valid -GetBulkOrderBookingDetail
2023-11-16T15:12:01+05:30 - LoginId: 142 -valid -GetBulkOrderBookingVessels
2023-11-16T15:12:01+05:30 - LoginId: 142 -valid -GetBulkOrderBookingPayments
2023-11-16T15:12:01+05:30 - LoginId: 142 -valid -GetCateringItemDetails
2023-11-16T15:12:01+05:30 - LoginId: 142 -valid -GetBulkOrderBookingCustomerDetail
2023-11-16T15:12:20+05:30 - LoginId: 142 - -AddIsDayStart
2023-11-16T15:12:28+05:30 - LoginId: 142 -valid -GetCateringVesselDetails
2023-11-16T15:12:28+05:30 - LoginId: 142 -valid -GetBulkOrderBookingDetail
2023-11-16T15:12:28+05:30 - LoginId: 142 -valid -GetBulkOrderBookingVessels
2023-11-16T15:12:28+05:30 - LoginId: 142 -valid -GetBulkOrderBookingPayments
2023-11-16T15:12:28+05:30 - LoginId: 142 -valid -GetBulkOrderBookingCustomerDetail
2023-11-16T15:12:28+05:30 - LoginId: 142 -valid -GetCateringItemDetails
2023-11-16T15:12:57+05:30 - LoginId: 142 -valid -GetCateringVesselDetails
2023-11-16T15:12:57+05:30 - LoginId: 142 -valid -GetBulkOrderBookingDetail
2023-11-16T15:12:57+05:30 - LoginId: 142 -valid -GetBulkOrderBookingVessels
2023-11-16T15:12:57+05:30 - LoginId: 142 -valid -GetBulkOrderBookingCustomerDetail
2023-11-16T15:12:57+05:30 - LoginId: 142 -valid -GetBulkOrderBookingPayments
2023-11-16T15:12:57+05:30 - LoginId: 142 -valid -GetCateringItemDetails
2023-11-16T15:13:05+05:30 - LoginId: 142 -valid -GetCateringVesselDetails
2023-11-16T15:13:05+05:30 - LoginId: 142 -valid -GetBulkOrderBookingDetail
2023-11-16T15:13:05+05:30 - LoginId: 142 -valid -GetBulkOrderBookingVessels
2023-11-16T15:13:05+05:30 - LoginId: 142 -valid -GetBulkOrderBookingPayments
2023-11-16T15:13:05+05:30 - LoginId: 142 -valid -GetBulkOrderBookingCustomerDetail
2023-11-16T15:13:05+05:30 - LoginId: 142 -valid -GetCateringItemDetails
2023-11-16T15:14:47+05:30 - LoginId: 142 -valid -GetCateringVesselDetails
2023-11-16T15:14:47+05:30 - LoginId: 142 -valid -GetCateringItemDetails
2023-11-16T15:16:19+05:30 - LoginId: 142 -valid -GetCateringVesselDetails
2023-11-16T15:16:19+05:30 - LoginId: 142 -valid -GetBulkOrderBookingDetail
2023-11-16T15:16:19+05:30 - LoginId: 142 -valid -GetBulkOrderBookingVessels
2023-11-16T15:16:19+05:30 - LoginId: 142 -valid -GetBulkOrderBookingPayments
2023-11-16T15:16:19+05:30 - LoginId: 142 -valid -GetBulkOrderBookingCustomerDetail
2023-11-16T15:16:20+05:30 - LoginId: 142 -valid -GetCateringItemDetails
2023-11-16T15:16:50+05:30 - LoginId: 142 -valid -GetBulkOrderBookingCustomerDetail
2023-11-16T15:16:50+05:30 - LoginId: 142 -valid -GetBulkOrderBookingDetail
2023-11-16T15:16:51+05:30 - LoginId: 142 -valid -GetBulkOrderBookingVessels
2023-11-16T15:16:50+05:30 - LoginId: 142 -valid -GetCateringVesselDetails
2023-11-16T15:16:51+05:30 - LoginId: 142 -valid -GetBulkOrderBookingPayments
2023-11-16T15:16:51+05:30 - LoginId: 142 -valid -GetCateringItemDetails
2023-11-16T15:17:07+05:30 - LoginId: 142 -valid -GetCateringVesselDetails
2023-11-16T15:17:07+05:30 - LoginId: 142 -valid -GetBulkOrderBookingDetail
2023-11-16T15:17:07+05:30 - LoginId: 142 -valid -GetBulkOrderBookingVessels
2023-11-16T15:17:07+05:30 - LoginId: 142 -valid -GetBulkOrderBookingPayments
2023-11-16T15:17:07+05:30 - LoginId: 142 -valid -GetBulkOrderBookingCustomerDetail
2023-11-16T15:17:07+05:30 - LoginId: 142 -valid -GetCateringItemDetails
2023-11-16T15:17:58+05:30 - LoginId: 142 -valid -GetCateringVesselDetails
2023-11-16T15:17:58+05:30 - LoginId: 142 -valid -GetBulkOrderBookingDetail
2023-11-16T15:17:58+05:30 - LoginId: 142 -valid -GetBulkOrderBookingVessels
2023-11-16T15:17:58+05:30 - LoginId: 142 -valid -GetBulkOrderBookingPayments
2023-11-16T15:17:58+05:30 - LoginId: 142 -valid -GetBulkOrderBookingCustomerDetail
2023-11-16T15:17:58+05:30 - LoginId: 142 -valid -GetCateringItemDetails
2023-11-16T16:00:19+05:30 - LoginId: 142 -valid -GetCateringVesselDetails
2023-11-16T16:00:19+05:30 - LoginId: 142 -valid -GetCateringItemDetails
2023-11-17T13:33:52+05:30 - LoginId: 107 -valid -GetCateringVesselDetails
2023-11-17T13:33:52+05:30 - LoginId: 107 -valid -GetCateringItemDetails
