2023-06-02T11:27:09+05:30 - LoginId: 107 -Error: SQLITE_CONSTRAINT: UNIQUE constraint failed: tblBillCounterBillInfo.BillCounterId -BillDetail
2023-06-02T11:51:41+05:30 - LoginId: 108 -Error: SQLITE_CONSTRAINT: UNIQUE constraint failed: tblBillCounterBillInfo.BillCounterId -BillDetail
2023-06-02T14:53:08+05:30 - LoginId: 108 -Error: SQLITE_CONSTRAINT: UNIQUE constraint failed: tblBillCounterBillInfo.BillCounterId -BillDetail
2023-06-02T15:15:20+05:30 - LoginId: 108 -Error: SQLITE_CONSTRAINT: UNIQUE constraint failed: tblBillCounterBillInfo.BillCounterId -BillDetail
2023-06-02T15:22:55+05:30 - LoginId: 108 -Error: SQLITE_CONSTRAINT: UNIQUE constraint failed: tblBillCounterBillInfo.BillCounterId -BillDetail
2023-06-02T15:30:03+05:30 - LoginId: 108 -Error: SQLITE_CONSTRAINT: UNIQUE constraint failed: tblBillCounterBillInfo.BillCounterId -BillDetail
2023-06-02T15:38:45+05:30 - LoginId: 108 -Error: SQLITE_CONSTRAINT: UNIQUE constraint failed: tblBillCounterBillInfo.BillCounterId -BillDetail
2023-06-02T15:46:20+05:30 - LoginId: 108 -Error: SQLITE_CONSTRAINT: UNIQUE constraint failed: tblBillCounterBillInfo.BillCounterId -BillDetail
2023-06-02T16:04:28+05:30 - LoginId: 108 -Error: SQLITE_CONSTRAINT: UNIQUE constraint failed: tblBillCounterBillInfo.BillCounterId -BillDetail
2023-06-02T16:13:26+05:30 - LoginId: 108 -Error: SQLITE_CONSTRAINT: UNIQUE constraint failed: tblBillCounterBillInfo.BillCounterId -BillDetail
2023-06-02T16:21:10+05:30 - LoginId: 108 -Error: SQLITE_CONSTRAINT: UNIQUE constraint failed: tblBillCounterBillInfo.BillCounterId -BillDetail
2023-06-02T16:39:43+05:30 - LoginId: 108 -Error: SQLITE_CONSTRAINT: UNIQUE constraint failed: tblBillCounterBillInfo.BillCounterId -BillDetail
2023-06-02T17:09:40+05:30 - LoginId: 108 -Error: SQLITE_CONSTRAINT: UNIQUE constraint failed: tblBillCounterBillInfo.BillCounterId -BillDetail
2023-06-03T15:18:45+05:30 - LoginId: 108 -Error: SQLITE_ERROR: no such table: tblDayInfo -addDayInfo
2023-06-03T15:19:46+05:30 - LoginId: 108 -Error: SQLITE_ERROR: no such table: tblDayInfo -addDayInfo
2023-06-03T15:19:53+05:30 - LoginId: 108 -Error: SQLITE_ERROR: no such table: tblDayInfo -addDayInfo
2023-06-03T15:20:17+05:30 - LoginId: 108 -Error: SQLITE_ERROR: no such table: tblDayInfo -addDayInfo
2023-06-03T15:20:19+05:30 - LoginId: 108 -Error: SQLITE_ERROR: no such table: tblDayInfo -addDayInfo
2023-06-03T15:20:29+05:30 - LoginId: 108 -Error: SQLITE_ERROR: no such table: tblDayInfo -addDayInfo
2023-06-03T15:20:30+05:30 - LoginId: 108 -Error: SQLITE_ERROR: no such table: tblDayInfo -addDayInfo
2023-06-03T15:41:52+05:30 - LoginId: 108 -Error: SQLITE_CONSTRAINT: UNIQUE constraint failed: tblBillCounterBillInfo.BillCounterId -BillDetail
2023-06-08T16:40:38+05:30 - LoginId: 107 -Error: SQLITE_ERROR: no such column: undefined -addDayInfo
2023-06-09T19:25:57+05:30 - LoginId:  -Error: SQLITE_ERROR: no such column: undefined -addDayInfo
2023-06-12T10:56:34+05:30 - LoginId: 107 -Error: SQLITE_ERROR: no such column: undefined -addDayInfo
2023-06-12T11:21:42+05:30 - LoginId:  -Error: SQLITE_ERROR: no such column: undefined -addDayInfo
2023-06-12T11:25:28+05:30 - LoginId:  -Error: SQLITE_ERROR: no such column: undefined -addDayInfo
2023-06-12T11:27:52+05:30 - LoginId:  -Error: SQLITE_ERROR: no such column: undefined -addDayInfo
2023-06-12T11:30:13+05:30 - LoginId:  -Error: SQLITE_ERROR: no such column: undefined -addDayInfo
2023-06-12T11:31:44+05:30 - LoginId:  -Error: SQLITE_ERROR: no such column: undefined -addDayInfo
2023-06-12T11:39:17+05:30 - LoginId:  -Error: SQLITE_ERROR: no such column: undefined -addDayInfo
2023-06-12T11:39:48+05:30 - LoginId:  -Error: SQLITE_ERROR: no such column: undefined -addDayInfo
2023-06-12T11:40:55+05:30 - LoginId:  -Error: SQLITE_ERROR: no such column: undefined -addDayInfo
2023-06-13T11:26:59+05:30 - LoginId: 107 -SQLITE_ERROR: table tblLogin has no column named LosginEmail -addItemList
2023-06-13T11:29:38+05:30 - LoginId: 107 -SQLITE_ERROR: table tblLogin has no column named LosginEmail -addLoginDetails
2023-06-13T11:29:41+05:30 - LoginId: 107 -SQLITE_ERROR: table tblLogin has no column named LosginEmail -adddetailsList
2023-06-13T11:31:14+05:30 - LoginId: 107 -SQLITE_ERROR: table tblLoginAccess has no column named UsersdAccessId -addLoginAccessDetails
2023-06-13T11:31:16+05:30 - LoginId: 107 -SQLITE_ERROR: table tblLoginAccess has no column named UsersdAccessId -adddetailsList
2023-06-13T11:32:50+05:30 - LoginId: 107 -SQLITE_ERROR: table tblBillCounter has no column named BillssCounterId -addBillCounters
2023-06-13T11:32:50+05:30 - LoginId: 107 -SQLITE_ERROR: table tblBillCounter has no column named BillssCounterId -adddetailsList
2023-06-13T11:35:33+05:30 - LoginId: 107 -SQLITE_ERROR: table tblBillCounterBillInfo has no column named BillCounteghrId -addBillCounterDetails
2023-06-13T11:35:33+05:30 - LoginId: 107 -SQLITE_ERROR: table tblBillCounterBillInfo has no column named BillCounteghrId -adddetailsList
2023-06-13T11:43:22+05:30 - LoginId: 107 -SQLITE_ERROR: table tblRupee has no column named RupqqeeId -addRupees
2023-06-13T11:43:22+05:30 - LoginId: 107 -SQLITE_ERROR: table tblRupee has no column named RupqqeeId -adddetailsList
2023-06-13T11:44:42+05:30 - LoginId: 107 -SQLITE_ERROR: table tblBillCounterServicetypes has no column named SerssviceTypeId -addBillCounterServiceTypes
2023-06-13T11:44:42+05:30 - LoginId: 107 -SQLITE_ERROR: table tblBillCounterServicetypes has no column named SerssviceTypeId -adddetailsList
2023-06-13T13:22:14+05:30 - LoginId: 107 -ReferenceError: shl is not defined -adddetailsList
2023-06-13T13:22:51+05:30 - LoginId: 107 -ReferenceError: shl is not defined -adddetailsList
2023-06-13T13:29:18+05:30 - LoginId: 107 -Error: SQLITE_ERROR: no such column: undefined -getSaleHeader
2023-06-13T13:31:36+05:30 - LoginId: 107 -Error: SQLITE_ERROR: no such column: undefined -getSaleHeader
2023-06-13T13:31:40+05:30 - LoginId: 107 -Error: SQLITE_ERROR: no such column: undefined -addSaleDetail
2023-06-13T13:37:32+05:30 - LoginId: 107 -SQLITE_ERROR: near ",": syntax error -updateSaleHeaderList
2023-06-13T13:37:32+05:30 - LoginId: 107 -SQLITE_ERROR: near ",": syntax error -updateSaleHeaderList
2023-06-13T13:37:47+05:30 - LoginId: 107 -SQLITE_ERROR: near ",": syntax error -updateSaleHeaderList
2023-06-13T13:37:47+05:30 - LoginId: 107 -SQLITE_ERROR: near ",": syntax error -updateSaleHeaderList
2023-06-13T13:39:58+05:30 - LoginId: 107 -SQLITE_ERROR: near ",": syntax error -updateSaleHeaderList
2023-06-13T13:39:58+05:30 - LoginId: 107 -SQLITE_ERROR: near ",": syntax error -printBill
2023-06-13T17:49:26+05:30 - LoginId: 107 -Error: SQLITE_ERROR: near "0.00": syntax error -getBillCashDetails
2023-06-13T17:49:26+05:30 - LoginId: 107 -Error: SQLITE_ERROR: near "0.00": syntax error -loadDayEndSaleBillsForPayment
2023-06-13T17:49:26+05:30 - LoginId: 107 -Error: SQLITE_ERROR: near "0.00": syntax error -loadDayEndSaleBillsForPayment
2023-06-13T17:49:26+05:30 - LoginId: 107 -Error: SQLITE_ERROR: near "0.00": syntax error -getBillCashDetails
2023-06-13T17:51:13+05:30 - LoginId: 107 -ReferenceError: Cannot access 'paymentTypeString' before initialization -loadDayEndSaleBillsForPayment
2023-06-13T17:51:13+05:30 - LoginId: 107 -ReferenceError: Cannot access 'paymentTypeString' before initialization -loadDayEndSaleBillsForPayment
2023-06-13T17:51:43+05:30 - LoginId: 107 -ReferenceError: Cannot access 'paymentTypeString' before initialization -loadDayEndSaleBillsForPayment
2023-06-13T17:52:04+05:30 - LoginId: 107 -ReferenceError: Cannot access 'paymentTypeString' before initialization -loadDayEndSaleBillsForPayment
2023-06-13T17:54:34+05:30 - LoginId: 107 -ReferenceError: Cannot access 'paymentTypeString' before initialization -loadDayEndSaleBillsForPayment
2023-06-13T17:55:06+05:30 - LoginId: 107 -ReferenceError: Cannot access 'paymentTypeString' before initialization -loadDayEndSaleBillsForPayment
2023-06-13T17:55:52+05:30 - LoginId: 107 -Error: SQLITE_ERROR: near "0.00": syntax error -getBillCashDetails
2023-06-13T17:58:25+05:30 - LoginId: 107 -Error: SQLITE_ERROR: near "0.00": syntax error -loadDayEndSaleBillsForPayment
2023-06-13T17:58:25+05:30 - LoginId: 107 -Error: SQLITE_ERROR: near "0.00": syntax error -getBillCashDetails
2023-06-13T17:58:26+05:30 - LoginId: 107 -Error: SQLITE_ERROR: near "0.00": syntax error -loadDayEndSaleBillsForPayment
2023-06-14T10:20:06+05:30 - LoginId:  -Error: SQLITE_ERROR: no such column: undefined -addDayInfo
2023-06-14T10:29:45+05:30 - LoginId:  -Error: SQLITE_ERROR: no such column: undefined -addDayInfo
2023-06-14T10:45:39+05:30 - LoginId:  -ReferenceError: res is not defined -ISonline false
2023-06-14T10:46:37+05:30 - LoginId:  -ReferenceError: res is not defined -ISonline false
2023-06-14T10:48:00+05:30 - LoginId:  -Error: SQLITE_ERROR: no such column: undefined -addDayInfo
2023-06-14T10:54:57+05:30 - LoginId:  -Error: SQLITE_ERROR: no such column: undefined -addDayInfo
2023-06-14T11:06:59+05:30 - LoginId: 107 -invalid username or password -ISonline false
2023-06-14T11:07:25+05:30 - LoginId:  -Error: SQLITE_ERROR: no such column: undefined -addDayInfo
2023-06-14T11:15:11+05:30 - LoginId: 107 -Error: SQLITE_ERROR: near ",": syntax error -getBillCashDetails
2023-06-14T11:15:11+05:30 - LoginId: 107 -Error: SQLITE_ERROR: near ",": syntax error -loadDayEndSaleBillsForPayment
2023-06-14T11:15:11+05:30 - LoginId: 107 -Error: SQLITE_ERROR: near ",": syntax error -getBillCashDetails
2023-06-14T11:15:11+05:30 - LoginId: 107 -Error: SQLITE_ERROR: near ",": syntax error -loadDayEndSaleBillsForPayment
2023-06-14T11:15:31+05:30 - LoginId: 107 -Error: SQLITE_ERROR: near ",": syntax error -getBillCashDetails
2023-06-14T11:15:32+05:30 - LoginId: 107 -Error: SQLITE_ERROR: near ",": syntax error -getBillCashDetails
2023-06-14T11:15:34+05:30 - LoginId: 107 -Error: SQLITE_ERROR: near ",": syntax error -loadDayEndSaleBillsForPayment
2023-06-14T11:15:35+05:30 - LoginId: 107 -Error: SQLITE_ERROR: near ",": syntax error -loadDayEndSaleBillsForPayment
2023-06-14T12:55:50+05:30 - LoginId: 107 -invalid username or password -ISonline false
2023-06-14T12:55:55+05:30 - LoginId: 107 -invalid username or password -ISonline false
2023-06-14T12:56:14+05:30 - LoginId:  -Error: SQLITE_ERROR: no such column: undefined -addDayInfo
2023-06-14T13:04:52+05:30 - LoginId: 107 -[object Object] -adddetailsList
2023-06-14T13:07:20+05:30 - LoginId: 107 -[object Object] -adddetailsList
2023-06-14T13:15:43+05:30 - LoginId: 107 -invalid username or password -ISonline false
2023-06-14T13:15:44+05:30 - LoginId: 107 -invalid username or password -ISonline false
2023-06-14T13:15:59+05:30 - LoginId: 107 -Error: SQLITE_ERROR: no such column: undefined -addDayInfo
2023-06-14T13:24:09+05:30 - LoginId: 108 -invalid username or password -ISonline false
2023-06-14T13:24:11+05:30 - LoginId: 108 -invalid username or password -ISonline false
2023-06-14T13:24:23+05:30 - LoginId: 108 -invalid username or password -ISonline false
2023-06-14T13:24:30+05:30 - LoginId: 108 -invalid username or password -ISonline false
2023-06-14T13:24:38+05:30 - LoginId: 108 -invalid username or password -ISonline false
2023-06-14T13:24:47+05:30 - LoginId: 108 -invalid username or password -ISonline false
2023-06-14T13:25:00+05:30 - LoginId: 108 -invalid username or password -ISonline false
2023-06-14T13:26:00+05:30 - LoginId: 108 -invalid username or password -ISonline false
2023-06-14T13:26:14+05:30 - LoginId: 108 -invalid username or password -ISonline false
2023-06-14T13:26:22+05:30 - LoginId: 108 -invalid username or password -ISonline false
2023-06-14T13:34:22+05:30 - LoginId: 108 -invalid username or password -ISonline false
2023-06-14T13:34:34+05:30 - LoginId:  -Error: SQLITE_ERROR: no such column: undefined -addDayInfo
2023-06-14T13:35:42+05:30 - LoginId:  -Error: SQLITE_ERROR: no such column: undefined -addDayInfo
2023-06-14T13:37:41+05:30 - LoginId:  -Error: SQLITE_ERROR: no such column: undefined -addDayInfo
2023-06-14T14:08:19+05:30 - LoginId:  -invalid username or password -ISonline false
2023-06-14T14:08:21+05:30 - LoginId:  -invalid username or password -ISonline false
2023-06-14T14:09:01+05:30 - LoginId:  -Error: SQLITE_ERROR: no such column: undefined -addDayInfo
2023-06-14T14:19:27+05:30 - LoginId:  -invalid username or password -ISonline false
2023-06-14T14:47:21+05:30 - LoginId:  -Error: SQLITE_ERROR: no such column: undefined -addDayInfo
2023-06-14T14:58:44+05:30 - LoginId: 107 -invalid username or password -ISonline false
2023-06-14T19:06:38+05:30 - LoginId: 107 -SQLITE_ERROR: unrecognized token: "0CardAmount" -updateSaleHeaderCancelList
2023-06-14T19:07:44+05:30 - LoginId: 107 -SQLITE_ERROR: near "CardAmount": syntax error -updateSaleHeaderCancelList
2023-06-15T10:10:40+05:30 - LoginId: 107 -invalid username or password -ISonline false
2023-06-15T10:11:11+05:30 - LoginId: 107 -invalid username or password -ISonline false
2023-06-16T19:33:23+05:30 - LoginId: 107 -function( msg ) {
		throw new Error( msg );
	} -UpdatePOSCounterDayEndAPI
2023-06-16T19:34:11+05:30 - LoginId: 107 -function( msg ) {
		throw new Error( msg );
	} -UpdatePOSCounterDayEndAPI
2023-06-16T19:34:20+05:30 - LoginId: 107 -function( msg ) {
		throw new Error( msg );
	} -UpdatePOSCounterDayEndAPI
2023-06-16T19:35:47+05:30 - LoginId: 107 -[object Object] -UpdatePOSCounterDayEndAPI
2023-06-17T19:09:41+05:30 - LoginId: 108 -[object Object] -ImportMasters
2023-06-17T19:11:13+05:30 - LoginId: 108 -[object Object] -GetCalendarsForPOSApp
2023-06-17T19:11:13+05:30 - LoginId: 108 -[object Object] -GetCalendarsForPOSApp
2023-06-19T10:07:40+05:30 - LoginId: 107 -invalid username or password -ISonline false
2023-06-19T10:12:53+05:30 - LoginId: 108 -[object Object] -UpdatePOSDayEndBills
2023-06-19T10:13:53+05:30 - LoginId: 108 -[object Object] -UpdatePOSDayEndBills
2023-06-19T14:55:33+05:30 - LoginId: 107 -invalid username or password -ISonline false
2023-06-19T15:04:17+05:30 - LoginId: 107 -invalid username or password -ISonline false
2023-06-19T15:04:30+05:30 - LoginId: 107 -invalid username or password -ISonline false
2023-06-19T15:08:19+05:30 - LoginId: 107 -invalid username or password -ISonline false
2023-06-19T15:08:52+05:30 - LoginId: 107 -invalid username or password -ISonline false
2023-06-19T15:09:08+05:30 - LoginId:  -Error: SQLITE_ERROR: no such column: undefined -addDayInfo
2023-06-19T15:17:39+05:30 - LoginId:  -invalid username or password -ISonline false
2023-06-19T15:17:42+05:30 - LoginId:  -invalid username or password -ISonline false
2023-06-19T15:19:51+05:30 - LoginId:  -invalid username or password -ISonline false
2023-06-19T15:25:24+05:30 - LoginId:  -invalid username or password -ISonline false
2023-06-19T15:29:15+05:30 - LoginId:  -invalid username or password -ISonline false
2023-06-19T15:29:31+05:30 - LoginId:  -Error: SQLITE_ERROR: no such column: undefined -addDayInfo
2023-06-19T15:34:42+05:30 - LoginId:  -Error: SQLITE_ERROR: no such column: undefined -addDayInfo
2023-06-19T15:37:34+05:30 - LoginId:  -Error: SQLITE_ERROR: no such column: undefined -addDayInfo
2023-06-19T19:15:31+05:30 - LoginId:  -Error: SQLITE_ERROR: no such column: undefined -addDayInfo
2023-06-19T19:20:12+05:30 - LoginId:  -Error: SQLITE_ERROR: no such column: undefined -addDayInfo
2023-06-20T13:18:51+05:30 - LoginId: 107 -invalid username or password -ISonline false
2023-06-20T13:20:01+05:30 - LoginId:  -Error: SQLITE_ERROR: no such column: undefined -addDayInfo
2023-06-21T10:14:39+05:30 - LoginId: 107 -invalid username or password -ISonline false
2023-06-21T10:15:51+05:30 - LoginId:  -Error: SQLITE_ERROR: no such column: undefined -addDayInfo
2023-06-21T10:19:19+05:30 - LoginId:  -Error: SQLITE_ERROR: no such column: undefined -addDayInfo
2023-06-21T10:20:01+05:30 - LoginId:  -invalid username or password -ISonline false
2023-06-21T10:27:16+05:30 - LoginId:  -Error: SQLITE_ERROR: no such column: undefined -addDayInfo
2023-06-21T10:27:48+05:30 - LoginId:  -Error: SQLITE_ERROR: no such column: undefined -addDayInfo
2023-06-21T10:28:30+05:30 - LoginId:  -Error: SQLITE_ERROR: no such column: undefined -addDayInfo
2023-06-21T10:29:40+05:30 - LoginId:  -Error: SQLITE_ERROR: no such column: undefined -addDayInfo
2023-06-21T10:30:42+05:30 - LoginId:  -invalid username or password -ISonline false
2023-06-21T10:31:55+05:30 - LoginId:  -invalid username or password -ISonline false
2023-06-21T10:36:52+05:30 - LoginId:  -invalid username or password -ISonline false
2023-06-21T10:37:52+05:30 - LoginId:  -invalid username or password -ISonline false
2023-06-22T13:41:21+05:30 - LoginId: 107 -invalid username or password -ISonline false
2023-06-22T13:41:26+05:30 - LoginId: 107 -invalid username or password -ISonline false
2023-06-22T13:41:35+05:30 - LoginId:  -Error: SQLITE_ERROR: no such column: undefined -addDayInfo
2023-06-22T15:05:32+05:30 - LoginId:  -Error: SQLITE_ERROR: no such column: undefined -addDayInfo
2023-06-22T15:11:49+05:30 - LoginId:  -Error: SQLITE_ERROR: no such column: undefined -addDayInfo
2023-06-22T15:26:00+05:30 - LoginId:  -invalid username or password -ISonline false
2023-06-22T15:26:19+05:30 - LoginId:  -invalid username or password -ISonline false
2023-06-22T15:26:53+05:30 - LoginId:  -invalid username or password -ISonline false
2023-06-22T15:27:08+05:30 - LoginId:  -invalid username or password -ISonline false
2023-06-22T15:27:47+05:30 - LoginId:  -Error: SQLITE_ERROR: no such column: undefined -addDayInfo
2023-06-22T15:43:37+05:30 - LoginId:  -invalid username or password -ISonline false
2023-06-22T15:53:03+05:30 - LoginId:  -Error: SQLITE_ERROR: no such column: undefined -addDayInfo
2023-06-22T16:52:26+05:30 - LoginId:  -invalid username or password -ISonline false
2023-06-22T16:56:32+05:30 - LoginId: 107 -[object Object] -UpdatePOSCounterDayEndAPI
2023-06-22T16:57:54+05:30 - LoginId: 107 -[object Object] -UpdatePOSCounterDayEndAPI
2023-06-22T17:00:51+05:30 - LoginId: 107 -[object Object] -UpdatePOSCounterDayEndAPI
2023-06-22T17:01:41+05:30 - LoginId: 108 -[object Object] -AddDayStartPOS
2023-06-22T17:01:44+05:30 - LoginId: 108 -[object Object] -AddDayStartPOS
2023-06-22T17:01:50+05:30 - LoginId: 108 -[object Object] -AddDayStartPOS
2023-06-22T17:02:07+05:30 - LoginId: 108 -[object Object] -AddDayStartPOS
2023-06-22T17:02:10+05:30 - LoginId: 108 -[object Object] -AddDayStartPOS
2023-06-22T17:03:26+05:30 - LoginId: 108 -[object Object] -AddDayStartPOS
2023-06-22T17:04:30+05:30 - LoginId: 108 -[object Object] -AddDayStartPOS
2023-06-22T17:05:13+05:30 - LoginId: 108 -[object Object] -AddDayStartPOS
2023-06-22T17:07:03+05:30 - LoginId: 108 -[object Object] -AddDayStartPOS
2023-06-22T17:24:36+05:30 - LoginId: 107 -invalid username or password -ISonline false
2023-06-22T17:24:48+05:30 - LoginId:  -Error: SQLITE_ERROR: no such column: undefined -addDayInfo
2023-06-22T17:29:42+05:30 - LoginId:  -Error: SQLITE_ERROR: no such column: undefined -addDayInfo
2023-06-22T17:32:01+05:30 - LoginId:  -[object Object] -UpdatePOSCounterDayEndAPI
2023-06-23T10:07:19+05:30 - LoginId: 107 -invalid username or password -ISonline false
2023-06-23T10:09:01+05:30 - LoginId: 107 -invalid username or password -ISonline false
2023-06-23T10:09:35+05:30 - LoginId: 107 -invalid username or password -ISonline false
2023-06-23T10:10:06+05:30 - LoginId: 107 -invalid username or password -ISonline false
2023-06-23T10:25:26+05:30 - LoginId: 108 -[object Object] -UpdatePOSDayEndBills
2023-06-23T16:13:18+05:30 - LoginId: 107 -undefined -UpdatePOSCounterDayEnd
2023-06-23T17:29:15+05:30 - LoginId: 107 -Invalid UserName or Password -GetAllBillCountersandItemsForPOS
2023-06-23T18:32:32+05:30 - LoginId: 107 -Invalid UserName or Password -GetAllBillCountersandItemsForPOS
2023-06-23T18:37:39+05:30 - LoginId: 107 -Invalid UserName or Password -GetAllBillCountersandItemsForPOS
2023-06-23T18:41:22+05:30 - LoginId: 108 -[object Object] -UpdatePOSDayEndBills
2023-06-26T17:33:51+05:30 - LoginId: 107 -Invalid UserName or Password -GetAllBillCountersandItemsForPOS
2023-06-27T11:32:26+05:30 - LoginId: 107 -invalid username or password -ISonline false
2023-06-27T11:34:10+05:30 - LoginId: 107 -Invalid UserName or Password -GetAllBillCountersandItemsForPOS
2023-06-27T15:48:15+05:30 - LoginId: 107 -Invalid UserName or Password -GetAllBillCountersandItemsForPOS
2023-06-27T18:26:42+05:30 - LoginId: 107 -Invalid UserName or Password -GetAllBillCountersandItemsForPOS
2023-06-27T18:26:43+05:30 - LoginId: 107 -Invalid UserName or Password -GetAllBillCountersandItemsForPOS
2023-06-27T18:26:48+05:30 - LoginId: 107 -Invalid UserName or Password -GetAllBillCountersandItemsForPOS
2023-06-28T18:07:59+05:30 - LoginId: 107 -invalid username or password -ISonline false
2023-06-28T18:08:39+05:30 - LoginId:  -Error: SQLITE_ERROR: no such column: undefined -addDayInfo
2023-06-29T10:20:03+05:30 - LoginId:  -Invalid UserName or Password -GetAllBillCountersandItemsForPOS
2023-06-29T12:55:06+05:30 - LoginId: 107 -Invalid UserName or Password -GetAllBillCountersandItemsForPOS
2023-06-29T12:56:02+05:30 - LoginId: 108 -[object Object] -UpdatePOSDayEndBills
2023-06-29T13:00:33+05:30 - LoginId: 108 -[object Object] -UpdatePOSDayEndBills
2023-06-29T13:01:53+05:30 - LoginId: 108 -[object Object] -UpdatePOSDayEndBills
2023-06-29T13:03:18+05:30 - LoginId: 108 -[object Object] -UpdatePOSDayEndBills
2023-06-29T13:05:00+05:30 - LoginId: 108 -[object Object] -UpdatePOSDayEndBills
2023-06-29T13:07:34+05:30 - LoginId: 108 -[object Object] -UpdatePOSDayEndBills
2023-06-29T13:09:37+05:30 - LoginId: 108 -[object Object] -UpdatePOSDayEndBills
2023-06-29T13:09:58+05:30 - LoginId: 108 -[object Object] -UpdatePOSDayEndBills
2023-06-29T13:10:32+05:30 - LoginId: 108 -[object Object] -UpdatePOSDayEndBills
2023-06-29T13:16:35+05:30 - LoginId: 108 -[object Object] -UpdatePOSDayEndBills
2023-06-29T13:16:43+05:30 - LoginId: 108 -[object Object] -UpdatePOSDayEndBills
2023-06-29T13:16:49+05:30 - LoginId: 108 -[object Object] -UpdatePOSDayEndBills
2023-06-29T13:16:55+05:30 - LoginId: 108 -[object Object] -UpdatePOSDayEndBills
2023-06-29T13:24:56+05:30 - LoginId: 108 -[object Object] -UpdatePOSDayEndBills
2023-06-29T13:25:36+05:30 - LoginId: 108 -[object Object] -UpdatePOSDayEndBills
2023-06-29T13:28:50+05:30 - LoginId: 108 -[object Object] -UpdatePOSDayEndBills
2023-06-29T13:29:31+05:30 - LoginId: 108 -[object Object] -UpdatePOSDayEndBills
2023-06-29T14:32:54+05:30 - LoginId: 107 -Invalid UserName or Password -GetAllBillCountersandItemsForPOS
2023-06-29T15:21:53+05:30 - LoginId: 107 -Invalid UserName or Password -GetAllBillCountersandItemsForPOS
2023-06-29T16:01:57+05:30 - LoginId: 108 -Invalid UserName or Password -GetAllBillCountersandItemsForPOS
2023-06-29T18:47:50+05:30 - LoginId: 107 -invalid username or password -ISonline false
2023-06-29T18:48:28+05:30 - LoginId:  -Error: SQLITE_ERROR: no such column: undefined -addDayInfo
2023-06-29T18:49:17+05:30 - LoginId:  -Error: SQLITE_ERROR: no such column: undefined -addDayInfo
2023-06-29T18:53:30+05:30 - LoginId:  -Error: SQLITE_ERROR: no such column: undefined -addDayInfo
2023-06-29T18:56:19+05:30 - LoginId:  -Error: SQLITE_ERROR: no such column: undefined -addDayInfo
2023-06-29T18:57:16+05:30 - LoginId:  -Error: SQLITE_ERROR: no such column: undefined -addDayInfo
2023-06-29T18:58:14+05:30 - LoginId:  -Error: SQLITE_ERROR: no such column: undefined -addDayInfo
2023-06-29T18:58:14+05:30 - LoginId:  -Error: SQLITE_ERROR: no such column: undefined -addDayInfo
2023-06-29T18:58:15+05:30 - LoginId:  -Error: SQLITE_ERROR: no such column: undefined -addDayInfo
2023-06-29T18:58:18+05:30 - LoginId:  -Error: SQLITE_ERROR: no such column: undefined -addDayInfo
2023-06-29T18:59:08+05:30 - LoginId:  -Error: SQLITE_ERROR: no such column: undefined -addDayInfo
2023-06-29T19:07:38+05:30 - LoginId:  -Error: SQLITE_ERROR: no such column: undefined -addDayInfo
2023-06-30T10:13:58+05:30 - LoginId:  -invalid username or password -ISonline false
2023-06-30T10:18:32+05:30 - LoginId:  -Error: SQLITE_ERROR: no such column: undefined -addDayInfo
2023-06-30T11:20:36+05:30 - LoginId: 107 -invalid username or password -ISonline false
2023-06-30T12:41:50+05:30 - LoginId: 108 -Invalid UserName or Password -GetAllBillCountersandItemsForPOS
2023-06-30T13:15:49+05:30 - LoginId: 108 -Invalid UserName or Password -GetAllBillCountersandItemsForPOS
2023-06-30T13:15:55+05:30 - LoginId: 108 -Invalid UserName or Password -GetAllBillCountersandItemsForPOS
2023-06-30T13:17:03+05:30 - LoginId: 108 -Invalid UserName or Password -GetAllBillCountersandItemsForPOS
2023-06-30T13:17:10+05:30 - LoginId: 108 -Invalid UserName or Password -GetAllBillCountersandItemsForPOS
2023-06-30T13:25:02+05:30 - LoginId: 107 -invalid username or password -ISonline false
2023-06-30T13:25:09+05:30 - LoginId:  -Error: SQLITE_ERROR: no such column: undefined -addDayInfo
2023-06-30T14:19:58+05:30 - LoginId:  -invalid username or password -ISonline false
2023-06-30T14:20:03+05:30 - LoginId:  -invalid username or password -ISonline false
2023-06-30T14:20:03+05:30 - LoginId:  -invalid username or password -ISonline false
2023-06-30T14:20:05+05:30 - LoginId:  -invalid username or password -ISonline false
2023-06-30T14:20:22+05:30 - LoginId:  -invalid username or password -ISonline false
2023-06-30T14:20:32+05:30 - LoginId:  -invalid username or password -ISonline false
2023-06-30T14:37:53+05:30 - LoginId: 107 -invalid username or password -ISonline false
2023-06-30T14:38:07+05:30 - LoginId: 107 -invalid username or password -ISonline false
2023-06-30T14:38:15+05:30 - LoginId:  -Error: SQLITE_ERROR: no such column: undefined -addDayInfo
2023-06-30T14:38:34+05:30 - LoginId:  -invalid username or password -ISonline false
2023-06-30T14:39:08+05:30 - LoginId:  -Error: SQLITE_ERROR: no such column: undefined -addDayInfo
2023-06-30T14:42:49+05:30 - LoginId:  -invalid username or password -ISonline false
2023-06-30T14:43:32+05:30 - LoginId:  -Error: SQLITE_ERROR: no such column: undefined -addDayInfo
2023-06-30T14:47:20+05:30 - LoginId:  -Error: SQLITE_ERROR: no such column: undefined -addDayInfo
2023-06-30T14:59:32+05:30 - LoginId:  -Error: SQLITE_ERROR: no such column: undefined -addDayInfo
2023-06-30T15:01:20+05:30 - LoginId:  -invalid username or password -ISonline false
2023-06-30T15:49:40+05:30 - LoginId:  -Error: SQLITE_ERROR: no such column: undefined -addDayInfo
2023-06-30T15:50:03+05:30 - LoginId:  -Error: SQLITE_ERROR: no such column: undefined -addDayInfo
